// Jest Snapshot v1, https://goo.gl/fbAQLP

exports[`Should render LoginPage correctly 1`] = `
<div
  className="box-layout"
>
  <div
    className="box-layout__box"
  >
    <h1
      className="box-layout__title"
    >
      Expensify
    </h1>
    <p>
      Setting your expenses in total control
    </p>
    <button
      className="button"
    >
      Login with Google
    </button>
  </div>
</div>
`;
